src/features/weather/pages/WeatherPage/index.tsx(105,74): error TS2339: Property 'sunset' does not exist on type 'WeatherData'.
